56_HDR_fp16_wo_swwa.nnc 0x1c2 39527780
denoise_model_e2265_NoiseModel_DCT2_y_ygamma_O2_MultiCore.nnc 0x1c4 44585000
denoise_model_e2298_VST_HDRgamma_DCT2_y_O2_MultiCore.nnc 0x1c5 44584960
denoise_model_e2500_DCTloss2_y_ygamma_O2_MultiCore.nnc 0x1c6 39527988
enn_mcd_kernel_64.bin 0x201 365412
SRIBMidas_aiCLARITY_2X_V200_FP16_pamir_eden411.nnc 0x273 28311552
SRIBMidas_aiHDR_Global_INT16_V430_1024_parmir_eden411.nnc 0x275 3215944
SRIBMidas_aiHDR_Local_INT16_V430_1024_parmir_eden411.nnc 0x276 5416496
SRIBMidas_aiMOIREREMOVE_Coarse_V900_FP16_pamir_eden411.nnc 0x277 25784320
SRIBMidas_aiMOIREREMOVE_Fine_V900_FP16_pamir_eden411.nnc 0x278 32768000
SRIBMidas_aiUPSCALER_2X_V270_FP16_pamir_eden681.nnc 0x279 15216640
SRIBMidas_aiUPSCALER_4X_V270_FP16_pamir_eden681.nnc 0x27b 15212544
SRIB_HumanSegVideo_INT8_V102_ex2200_enn200c_vendor.nnc 0x2ee 1770792
18_fp16_wo_swwa_1217.nnc 0x2f8 37630164
dvs_od_cnn.nnc 0x32c 13094912
dvs_segmenter_cnn.nnc 0x32d 31215616
B2BSFNet.nnc 0x34a 15481456
B2BSFNet.nnc 0x34f 15481476
B2BSFNet.nnc 0x354 15481472
PhotoParsing5_AF_FACE_128_DSP_iter_295118_v2_4_32output_O2_SingleCore.nnc 0x35a 3448624
PhotoParsing5_AWB_FACE_256_LSI_NPU_iter_300000_v2_3_64output_O1_SingleCore.nnc 0x35b 3636448
PhotoParsing6_AWB_FACE_256_LSI_NPU_iter_300000_v2_6_64output_O1_SingleCore.nnc 0x35c 3640544
denoise_model_e374_832X1088X4.nnc 0x360 16705172
denoise_model_e89_832X1088X4_v9_1_IS_C3P123_v8_2ref_SC_ELL_v2.nnc 0x362 16836620
ActionShotPose.nnc 0x3ac 7135232
ActionShotPosture.nnc 0x3ad 438272
OD_V3.4.3_08_31_QVGA_PAMIR_ENN_BGRA.nnc 0x3f4 4362472
OD_V3.5.2_08_31_VGA_PAMIR_ENN_BGRA.nnc 0x3f5 1111204
libann.elf 0x432 151232
libgaussian3x3.elf 0x433 2696
libivp.elf 0x434 62152
liblog.elf 0x435 21596
libme_rta_pamir.elf 0x436 186804
libnn.elf 0x437 206408
libnn_af16wf16.elf 0x438 334615
libnn_sdma.elf 0x439 18732
libenn_common_utils.so 0x530 32232
libenn_engine_lib.so 0x532 591736
libenn_gc_vendor.so 0x533 3399248
libenn_public_api_cpp.so 0x537 11476
libenn_public_api_cpp_lib.so 0x538 11456
libenn_user.samsung_slsi.so 0x53a 188608
libenn_user_driver_cpu.so 0x53b 461560
libenn_user_driver_gpu.so 0x53c 5646292
libenn_user_driver_unified.so 0x53e 260152
libenn_user_lib.so 0x53f 167232
libenn_engine.so 0x531 594164
libenn_klm_vendor.so 0x534 184608
libenn_model.so 0x535 240892
libenn_profiler.so 0x536 82240
libenn_seva_vendor.so 0x539 232644
libenn_user_driver_gpu_lib.so 0x53d 5646104
libhdraid.npu.arcsoft.so 0x562 6156
libeden_ud_npu.so 0x7a7 436920
libenn_common_utils.so 0x7b6 46176
libenn_dsp_fw_graph_parser.so 0x7b8 256176
libenn_dsp_kernels_cpu.so 0x7b9 329880
libenn_dsp_dal.so 0x7b7 325840
libenn_engine.so 0x7ba 780056
libenn_klm_vendor.so 0x7bd 263528
libenn_model.so 0x7be 329000
libenn_profiler.so 0x7bf 126704
libenn_seva_vendor.so 0x7c2 323560
libenn_user_driver_gpu_lib.so 0x7c6 6306432
libenn_engine_lib.so 0x7bb 779656
libenn_public_api_cpp.so 0x7c0 19512
libenn_user.samsung_slsi.so 0x7c3 257392
libenn_user_driver_cpu.so 0x7c4 625264
libenn_user_driver_gpu.so 0x7c5 6306512
libsait_npu_compiler.so 0x841 5172832
libnpu_compiler.so 0x82c 243848
libenn_gc_vendor.so 0x7bc 4660960
libenn_public_api_cpp_lib.so 0x7c1 19512
libenn_user_driver_unified.so 0x7c7 337432
libenn_user_lib.so 0x7c8 231008
libenn_wrapper.so 0x7c9 2161192
libhdraid.npu.arcsoft.so 0x7fb 6218280
